[x] Bad state: git subprocess failed with exit code 128
    #0      GitClient._ensureSuccess (package:puro/src/git.dart:100)
    #1      GitClient.clone (package:puro/src/git.dart:152)
    <asynchronous suspension>
    #2      GitClient.cloneWithProgress.<anonymous closure> (package:puro/src/git.dart:166)
    <asynchronous suspension>
    #3      ProgressNode.wrap (package:puro/src/progress.dart:66)
    <asynchronous suspension>
    #4      GitClient.cloneWithProgress (package:puro/src/git.dart:164)
    <asynchronous suspension>
    #5      fetchOrCloneShared (package:puro/src/env/create.dart:335)
    <asynchronous suspension>
    #6      cloneFlutterWithSharedRefs (package:puro/src/env/create.dart:459)
    <asynchronous suspension>
    #7      createEnvironment.<anonymous closure> (package:puro/src/env/create.dart:286)
    <asynchronous suspension>
    #8      lockFile (package:puro/src/file_lock.dart:69)
    <asynchronous suspension>
    #9      createEnvironment (package:puro/src/env/create.dart:247)
    <asynchronous suspension>
    #10     CommandRunner.runCommand (package:args/command_runner.dart:212)
    <asynchronous suspension>
    #11     main (package:puro/src/cli.dart:279)
    <asynchronous suspension>
    
[x] Puro crashed! Please file an issue at https://github.com/pingbird/puro
    Consider running the command with a higher log level: `--log-level=4`
